{
    "a = b = c": {
        "type": "Apply",
        "op": "eq",
        "args": [
            {
                "type": "Identifier",
                "name": "a",
                "loc": {
                    "start": 0,
                    "end": 1
                }
            },
            {
                "type": "Identifier",
                "name": "b",
                "loc": {
                    "start": 4,
                    "end": 5
                }
            },
            {
                "type": "Identifier",
                "name": "c",
                "loc": {
                    "start": 8,
                    "end": 9
                }
            }
        ]
    },
    "a + b = c + d = e + f": {
        "type": "Apply",
        "op": "eq",
        "args": [
            {
                "type": "Apply",
                "op": "add",
                "args": [
                    {
                        "type": "Identifier",
                        "name": "a",
                        "loc": {
                            "start": 0,
                            "end": 1
                        }
                    },
                    {
                        "type": "Identifier",
                        "name": "b",
                        "loc": {
                            "start": 4,
                            "end": 5
                        }
                    }
                ],
                "loc": {
                    "start": 0,
                    "end": 5
                }
            },
            {
                "type": "Apply",
                "op": "add",
                "args": [
                    {
                        "type": "Identifier",
                        "name": "c",
                        "loc": {
                            "start": 8,
                            "end": 9
                        }
                    },
                    {
                        "type": "Identifier",
                        "name": "d",
                        "loc": {
                            "start": 12,
                            "end": 13
                        }
                    }
                ],
                "loc": {
                    "start": 8,
                    "end": 13
                }
            },
            {
                "type": "Apply",
                "op": "add",
                "args": [
                    {
                        "type": "Identifier",
                        "name": "e",
                        "loc": {
                            "start": 16,
                            "end": 17
                        }
                    },
                    {
                        "type": "Identifier",
                        "name": "f",
                        "loc": {
                            "start": 20,
                            "end": 21
                        }
                    }
                ],
                "loc": {
                    "start": 16,
                    "end": 21
                }
            }
        ]
    },
    "a > b > c": {
        "type": "Apply",
        "op": "gt",
        "args": [
            {
                "type": "Identifier",
                "name": "a",
                "loc": {
                    "start": 0,
                    "end": 1
                }
            },
            {
                "type": "Identifier",
                "name": "b",
                "loc": {
                    "start": 4,
                    "end": 5
                }
            },
            {
                "type": "Identifier",
                "name": "c",
                "loc": {
                    "start": 8,
                    "end": 9
                }
            }
        ]
    },
    "a + b > c + d > e + f": {
        "type": "Apply",
        "op": "gt",
        "args": [
            {
                "type": "Apply",
                "op": "add",
                "args": [
                    {
                        "type": "Identifier",
                        "name": "a",
                        "loc": {
                            "start": 0,
                            "end": 1
                        }
                    },
                    {
                        "type": "Identifier",
                        "name": "b",
                        "loc": {
                            "start": 4,
                            "end": 5
                        }
                    }
                ],
                "loc": {
                    "start": 0,
                    "end": 5
                }
            },
            {
                "type": "Apply",
                "op": "add",
                "args": [
                    {
                        "type": "Identifier",
                        "name": "c",
                        "loc": {
                            "start": 8,
                            "end": 9
                        }
                    },
                    {
                        "type": "Identifier",
                        "name": "d",
                        "loc": {
                            "start": 12,
                            "end": 13
                        }
                    }
                ],
                "loc": {
                    "start": 8,
                    "end": 13
                }
            },
            {
                "type": "Apply",
                "op": "add",
                "args": [
                    {
                        "type": "Identifier",
                        "name": "e",
                        "loc": {
                            "start": 16,
                            "end": 17
                        }
                    },
                    {
                        "type": "Identifier",
                        "name": "f",
                        "loc": {
                            "start": 20,
                            "end": 21
                        }
                    }
                ],
                "loc": {
                    "start": 16,
                    "end": 21
                }
            }
        ]
    },
    "a != b != c": {
        "type": "Apply",
        "op": "ne",
        "args": [
            {
                "type": "Identifier",
                "name": "a",
                "loc": {
                    "start": 0,
                    "end": 1
                }
            },
            {
                "type": "Identifier",
                "name": "b",
                "loc": {
                    "start": 5,
                    "end": 6
                }
            },
            {
                "type": "Identifier",
                "name": "c",
                "loc": {
                    "start": 10,
                    "end": 11
                }
            }
        ]
    },
    "a + b != c + d != e + f": {
        "type": "Apply",
        "op": "ne",
        "args": [
            {
                "type": "Apply",
                "op": "add",
                "args": [
                    {
                        "type": "Identifier",
                        "name": "a",
                        "loc": {
                            "start": 0,
                            "end": 1
                        }
                    },
                    {
                        "type": "Identifier",
                        "name": "b",
                        "loc": {
                            "start": 4,
                            "end": 5
                        }
                    }
                ],
                "loc": {
                    "start": 0,
                    "end": 5
                }
            },
            {
                "type": "Apply",
                "op": "add",
                "args": [
                    {
                        "type": "Identifier",
                        "name": "c",
                        "loc": {
                            "start": 9,
                            "end": 10
                        }
                    },
                    {
                        "type": "Identifier",
                        "name": "d",
                        "loc": {
                            "start": 13,
                            "end": 14
                        }
                    }
                ],
                "loc": {
                    "start": 9,
                    "end": 14
                }
            },
            {
                "type": "Apply",
                "op": "add",
                "args": [
                    {
                        "type": "Identifier",
                        "name": "e",
                        "loc": {
                            "start": 18,
                            "end": 19
                        }
                    },
                    {
                        "type": "Identifier",
                        "name": "f",
                        "loc": {
                            "start": 22,
                            "end": 23
                        }
                    }
                ],
                "loc": {
                    "start": 18,
                    "end": 23
                }
            }
        ]
    }
}